

================================================================
== Vivado HLS Report for 'fir'
================================================================
* Date:           Wed Nov 28 15:04:33 2018

* Version:        2018.2 (Build 2258646 on Thu Jun 14 20:25:20 MDT 2018)
* Project:        start_prj
* Solution:       solution1
* Product family: aartix7
* Target device:  xa7a12tcsg325-1q


================================================================
== Performance Estimates
================================================================
+ Timing (ns): 
    * Summary: 
    +--------+-------+----------+------------+
    |  Clock | Target| Estimated| Uncertainty|
    +--------+-------+----------+------------+
    |ap_clk  |  10.00|     8.470|        1.25|
    +--------+-------+----------+------------+

+ Latency (clock cycles): 
    * Summary: 
    +-----+-----+-----+-----+---------+
    |  Latency  |  Interval | Pipeline|
    | min | max | min | max |   Type  |
    +-----+-----+-----+-----+---------+
    |   44|   44|   44|   44|   none  |
    +-----+-----+-----+-----+---------+

    + Detail: 
        * Instance: 
        N/A

        * Loop: 
        +----------+-----+-----+----------+-----------+-----------+------+----------+
        |          |  Latency  | Iteration|  Initiation Interval  | Trip |          |
        | Loop Name| min | max |  Latency |  achieved |   target  | Count| Pipelined|
        +----------+-----+-----+----------+-----------+-----------+------+----------+
        |- Loop 1  |   40|   40|         4|          -|          -|    10|    no    |
        +----------+-----+-----+----------+-----------+-----------+------+----------+

============================================================
+ Verbose Summary: Synthesis Manager
============================================================
InlineROM: 1
ExposeGlobal: 0
============================================================
+ Verbose Summary: CDFG Model
============================================================
IsTopModel: 1
ResetActiveHigh: 1
IsCombinational: 0
IsDatapathOnly: 0
HasWiredReturn: 1
HasMFsm: 0
HasVarLatency: 1
IsPipeline: 0
IsRtlPipelined: 0
IsInstanceOverlapped: 0
IsDontTouch: 0
HasImplIP: 0
IsGatedGlobalClock: 0


============================================================
+ Verbose Summary: Schedule
============================================================
* Number of FSM states : 8
* Pipeline : 0
* Dataflow Pipeline: 0

* FSM state transitions: 
1 --> 
	2  / true
2 --> 
	3  / (!tmp)
	6  / (tmp)
3 --> 
	4  / true
4 --> 
	5  / true
5 --> 
	2  / true
6 --> 
	7  / true
7 --> 
	8  / true
8 --> 

* FSM state operations: 

State 1 <SV = 0> <Delay = 1.66>
ST_1 : Operation 9 [1/1] (0.00ns)   --->   "call void (...)* @_ssdm_op_SpecBitsMap(i32* %y) nounwind, !map !7"   --->   Operation 9 'specbitsmap' <Predicate = true> <Delay = 0.00>
ST_1 : Operation 10 [1/1] (0.00ns)   --->   "call void (...)* @_ssdm_op_SpecBitsMap([11 x i32]* %c) nounwind, !map !13"   --->   Operation 10 'specbitsmap' <Predicate = true> <Delay = 0.00>
ST_1 : Operation 11 [1/1] (0.00ns)   --->   "call void (...)* @_ssdm_op_SpecBitsMap(i32 %x) nounwind, !map !19"   --->   Operation 11 'specbitsmap' <Predicate = true> <Delay = 0.00>
ST_1 : Operation 12 [1/1] (0.00ns)   --->   "%x_read = call i32 @_ssdm_op_Read.ap_auto.i32(i32 %x) nounwind"   --->   Operation 12 'read' 'x_read' <Predicate = true> <Delay = 0.00>
ST_1 : Operation 13 [1/1] (0.00ns)   --->   "%c_addr = getelementptr [11 x i32]* %c, i64 0, i64 0"   --->   Operation 13 'getelementptr' 'c_addr' <Predicate = true> <Delay = 0.00>
ST_1 : Operation 14 [1/1] (0.00ns)   --->   "call void (...)* @_ssdm_op_SpecTopModule([4 x i8]* @fir_str) nounwind"   --->   Operation 14 'spectopmodule' <Predicate = true> <Delay = 0.00>
ST_1 : Operation 15 [1/1] (1.66ns)   --->   "br label %1" [fir.c:77]   --->   Operation 15 'br' <Predicate = true> <Delay = 1.66>

State 2 <SV = 1> <Delay = 3.92>
ST_2 : Operation 16 [1/1] (0.00ns)   --->   "%acc = phi i32 [ 0, %0 ], [ %acc_1, %2 ]"   --->   Operation 16 'phi' 'acc' <Predicate = true> <Delay = 0.00>
ST_2 : Operation 17 [1/1] (0.00ns)   --->   "%i = phi i4 [ -6, %0 ], [ %i_1, %2 ]"   --->   Operation 17 'phi' 'i' <Predicate = true> <Delay = 0.00>
ST_2 : Operation 18 [1/1] (1.44ns)   --->   "%tmp = icmp eq i4 %i, 0" [fir.c:77]   --->   Operation 18 'icmp' 'tmp' <Predicate = true> <Delay = 1.44> <Core = "Cmp">   --->   Core 25 'Cmp' <Latency = 0> <II = 1> <Delay = 1.44> <FuncUnit> <Opcode : 'icmp'> <InPorts = 2> <OutPorts = 1>
ST_2 : Operation 19 [1/1] (0.00ns)   --->   "%empty = call i32 (...)* @_ssdm_op_SpecLoopTripCount(i64 10, i64 10, i64 10) nounwind"   --->   Operation 19 'speclooptripcount' 'empty' <Predicate = true> <Delay = 0.00>
ST_2 : Operation 20 [1/1] (0.00ns)   --->   "br i1 %tmp, label %3, label %2" [fir.c:77]   --->   Operation 20 'br' <Predicate = true> <Delay = 0.00>
ST_2 : Operation 21 [1/1] (1.77ns)   --->   "%i_1 = add i4 %i, -1" [fir.c:78]   --->   Operation 21 'add' 'i_1' <Predicate = (!tmp)> <Delay = 1.77> <Core = "AddSub">   --->   Core 14 'AddSub' <Latency = 0> <II = 1> <Delay = 2.70> <FuncUnit> <Opcode : 'add' 'sub'> <InPorts = 2> <OutPorts = 1>
ST_2 : Operation 22 [1/1] (0.00ns)   --->   "%tmp_2 = zext i4 %i_1 to i64" [fir.c:78]   --->   Operation 22 'zext' 'tmp_2' <Predicate = (!tmp)> <Delay = 0.00>
ST_2 : Operation 23 [1/1] (0.00ns)   --->   "%shift_reg_addr = getelementptr inbounds [11 x i32]* @shift_reg, i64 0, i64 %tmp_2" [fir.c:78]   --->   Operation 23 'getelementptr' 'shift_reg_addr' <Predicate = (!tmp)> <Delay = 0.00>
ST_2 : Operation 24 [2/2] (2.15ns)   --->   "%shift_reg_load = load i32* %shift_reg_addr, align 4" [fir.c:78]   --->   Operation 24 'load' 'shift_reg_load' <Predicate = (!tmp)> <Delay = 2.15> <Core = "RAM">   --->   Core 37 'RAM' <Latency = 1> <II = 1> <Delay = 2.15> <Storage> <Opcode : 'load' 'store'> <Ports = 2> <Width = 32> <Depth = 11> <RAM>
ST_2 : Operation 25 [1/1] (0.00ns)   --->   "%tmp_3 = zext i4 %i to i64" [fir.c:78]   --->   Operation 25 'zext' 'tmp_3' <Predicate = (!tmp)> <Delay = 0.00>
ST_2 : Operation 26 [1/1] (0.00ns)   --->   "%c_addr_1 = getelementptr [11 x i32]* %c, i64 0, i64 %tmp_3" [fir.c:79]   --->   Operation 26 'getelementptr' 'c_addr_1' <Predicate = (!tmp)> <Delay = 0.00>
ST_2 : Operation 27 [2/2] (2.15ns)   --->   "%c_load = load i32* %c_addr_1, align 4" [fir.c:79]   --->   Operation 27 'load' 'c_load' <Predicate = (!tmp)> <Delay = 2.15> <Core = "RAM">   --->   Core 37 'RAM' <Latency = 1> <II = 1> <Delay = 2.15> <Storage> <Opcode : 'load' 'store'> <Ports = 2> <Width = 32> <Depth = 11> <RAM>
ST_2 : Operation 28 [2/2] (2.15ns)   --->   "%c_load_1 = load i32* %c_addr, align 4" [fir.c:82]   --->   Operation 28 'load' 'c_load_1' <Predicate = (tmp)> <Delay = 2.15> <Core = "RAM">   --->   Core 37 'RAM' <Latency = 1> <II = 1> <Delay = 2.15> <Storage> <Opcode : 'load' 'store'> <Ports = 2> <Width = 32> <Depth = 11> <RAM>

State 3 <SV = 2> <Delay = 4.30>
ST_3 : Operation 29 [1/2] (2.15ns)   --->   "%shift_reg_load = load i32* %shift_reg_addr, align 4" [fir.c:78]   --->   Operation 29 'load' 'shift_reg_load' <Predicate = true> <Delay = 2.15> <Core = "RAM">   --->   Core 37 'RAM' <Latency = 1> <II = 1> <Delay = 2.15> <Storage> <Opcode : 'load' 'store'> <Ports = 2> <Width = 32> <Depth = 11> <RAM>
ST_3 : Operation 30 [1/1] (0.00ns)   --->   "%shift_reg_addr_1 = getelementptr inbounds [11 x i32]* @shift_reg, i64 0, i64 %tmp_3" [fir.c:78]   --->   Operation 30 'getelementptr' 'shift_reg_addr_1' <Predicate = true> <Delay = 0.00>
ST_3 : Operation 31 [1/1] (2.15ns)   --->   "store i32 %shift_reg_load, i32* %shift_reg_addr_1, align 4" [fir.c:78]   --->   Operation 31 'store' <Predicate = true> <Delay = 2.15> <Core = "RAM">   --->   Core 37 'RAM' <Latency = 1> <II = 1> <Delay = 2.15> <Storage> <Opcode : 'load' 'store'> <Ports = 2> <Width = 32> <Depth = 11> <RAM>
ST_3 : Operation 32 [1/2] (2.15ns)   --->   "%c_load = load i32* %c_addr_1, align 4" [fir.c:79]   --->   Operation 32 'load' 'c_load' <Predicate = true> <Delay = 2.15> <Core = "RAM">   --->   Core 37 'RAM' <Latency = 1> <II = 1> <Delay = 2.15> <Storage> <Opcode : 'load' 'store'> <Ports = 2> <Width = 32> <Depth = 11> <RAM>

State 4 <SV = 3> <Delay = 8.47>
ST_4 : Operation 33 [1/1] (8.47ns)   --->   "%tmp_4 = mul nsw i32 %shift_reg_load, %c_load" [fir.c:79]   --->   Operation 33 'mul' 'tmp_4' <Predicate = true> <Delay = 8.47> <Core = "Mul">   --->   Core 16 'Mul' <Latency = 0> <II = 1> <Delay = 8.47> <FuncUnit> <Opcode : 'mul'> <InPorts = 2> <OutPorts = 1>

State 5 <SV = 4> <Delay = 2.70>
ST_5 : Operation 34 [1/1] (2.70ns)   --->   "%acc_1 = add nsw i32 %tmp_4, %acc" [fir.c:79]   --->   Operation 34 'add' 'acc_1' <Predicate = true> <Delay = 2.70> <Core = "AddSub">   --->   Core 14 'AddSub' <Latency = 0> <II = 1> <Delay = 2.70> <FuncUnit> <Opcode : 'add' 'sub'> <InPorts = 2> <OutPorts = 1>
ST_5 : Operation 35 [1/1] (0.00ns)   --->   "br label %1" [fir.c:77]   --->   Operation 35 'br' <Predicate = true> <Delay = 0.00>

State 6 <SV = 2> <Delay = 2.15>
ST_6 : Operation 36 [1/2] (2.15ns)   --->   "%c_load_1 = load i32* %c_addr, align 4" [fir.c:82]   --->   Operation 36 'load' 'c_load_1' <Predicate = true> <Delay = 2.15> <Core = "RAM">   --->   Core 37 'RAM' <Latency = 1> <II = 1> <Delay = 2.15> <Storage> <Opcode : 'load' 'store'> <Ports = 2> <Width = 32> <Depth = 11> <RAM>

State 7 <SV = 3> <Delay = 8.47>
ST_7 : Operation 37 [1/1] (2.15ns)   --->   "store i32 %x_read, i32* getelementptr inbounds ([11 x i32]* @shift_reg, i64 0, i64 0), align 16" [fir.c:81]   --->   Operation 37 'store' <Predicate = true> <Delay = 2.15> <Core = "RAM">   --->   Core 37 'RAM' <Latency = 1> <II = 1> <Delay = 2.15> <Storage> <Opcode : 'load' 'store'> <Ports = 2> <Width = 32> <Depth = 11> <RAM>
ST_7 : Operation 38 [1/1] (8.47ns)   --->   "%tmp_6 = mul nsw i32 %c_load_1, %x_read" [fir.c:82]   --->   Operation 38 'mul' 'tmp_6' <Predicate = true> <Delay = 8.47> <Core = "Mul">   --->   Core 16 'Mul' <Latency = 0> <II = 1> <Delay = 8.47> <FuncUnit> <Opcode : 'mul'> <InPorts = 2> <OutPorts = 1>

State 8 <SV = 4> <Delay = 2.70>
ST_8 : Operation 39 [1/1] (2.70ns)   --->   "%acc_2 = add nsw i32 %tmp_6, %acc" [fir.c:82]   --->   Operation 39 'add' 'acc_2' <Predicate = true> <Delay = 2.70> <Core = "AddSub">   --->   Core 14 'AddSub' <Latency = 0> <II = 1> <Delay = 2.70> <FuncUnit> <Opcode : 'add' 'sub'> <InPorts = 2> <OutPorts = 1>
ST_8 : Operation 40 [1/1] (0.00ns)   --->   "call void @_ssdm_op_Write.ap_auto.i32P(i32* %y, i32 %acc_2) nounwind" [fir.c:84]   --->   Operation 40 'write' <Predicate = true> <Delay = 0.00>
ST_8 : Operation 41 [1/1] (0.00ns)   --->   "ret void" [fir.c:85]   --->   Operation 41 'ret' <Predicate = true> <Delay = 0.00>


============================================================
+ Verbose Summary: Timing violations
============================================================
Target clock period: 10ns, clock uncertainty: 1.25ns.

 <State 1>: 1.66ns
The critical path consists of the following:
	multiplexor before 'phi' operation ('acc') with incoming values : ('acc', fir.c:79) [13]  (1.66 ns)

 <State 2>: 3.93ns
The critical path consists of the following:
	'phi' operation ('i') with incoming values : ('i', fir.c:78) [14]  (0 ns)
	'add' operation ('i', fir.c:78) [19]  (1.78 ns)
	'getelementptr' operation ('shift_reg_addr', fir.c:78) [21]  (0 ns)
	'load' operation ('shift_reg_load', fir.c:78) on array 'shift_reg' [22]  (2.15 ns)

 <State 3>: 4.3ns
The critical path consists of the following:
	'load' operation ('shift_reg_load', fir.c:78) on array 'shift_reg' [22]  (2.15 ns)
	'store' operation (fir.c:78) of variable 'shift_reg_load', fir.c:78 on array 'shift_reg' [25]  (2.15 ns)

 <State 4>: 8.47ns
The critical path consists of the following:
	'mul' operation ('tmp_4', fir.c:79) [28]  (8.47 ns)

 <State 5>: 2.7ns
The critical path consists of the following:
	'add' operation ('acc', fir.c:79) [29]  (2.7 ns)

 <State 6>: 2.15ns
The critical path consists of the following:
	'load' operation ('c_load_1', fir.c:82) on array 'c' [33]  (2.15 ns)

 <State 7>: 8.47ns
The critical path consists of the following:
	'mul' operation ('tmp_6', fir.c:82) [34]  (8.47 ns)

 <State 8>: 2.7ns
The critical path consists of the following:
	'add' operation ('acc', fir.c:82) [35]  (2.7 ns)


============================================================
+ Verbose Summary: Binding
============================================================
N/A
* FSMD analyzer results:
  - Output states:
 - Input state : 
  - Chain level:
	State 1
	State 2
	State 3
	State 4
	State 5
	State 6
	State 7
	State 8


============================================================
+ Verbose Summary: Datapath Resource usage 
============================================================
N/A
