

================================================================
== Vivado HLS Report for 'fir'
================================================================
* Date:           Thu Nov 29 14:33:23 2018

* Version:        2018.2 (Build 2258646 on Thu Jun 14 20:25:20 MDT 2018)
* Project:        start_prj
* Solution:       solution1
* Product family: aartix7
* Target device:  xa7a12tcsg325-1q


================================================================
== Performance Estimates
================================================================
+ Timing (ns): 
    * Summary: 
    +--------+-------+----------+------------+
    |  Clock | Target| Estimated| Uncertainty|
    +--------+-------+----------+------------+
    |ap_clk  |  10.00|     8.470|        1.25|
    +--------+-------+----------+------------+

+ Latency (clock cycles): 
    * Summary: 
    +-----+-----+-----+-----+---------+
    |  Latency  |  Interval | Pipeline|
    | min | max | min | max |   Type  |
    +-----+-----+-----+-----+---------+
    |   10|   10|   10|   10|   none  |
    +-----+-----+-----+-----+---------+

    + Detail: 
        * Instance: 
        N/A

        * Loop: 
        N/A



================================================================
== Utilization Estimates
================================================================
* Summary: 
+-----------------+---------+-------+-------+------+
|       Name      | BRAM_18K| DSP48E|   FF  |  LUT |
+-----------------+---------+-------+-------+------+
|DSP              |        -|      -|      -|     -|
|Expression       |        -|     33|      0|   565|
|FIFO             |        -|      -|      -|     -|
|Instance         |        -|      -|      -|     -|
|Memory           |        -|      -|      -|     -|
|Multiplexer      |        -|      -|      -|   133|
|Register         |        -|      -|    971|     -|
+-----------------+---------+-------+-------+------+
|Total            |        0|     33|    971|   698|
+-----------------+---------+-------+-------+------+
|Available        |       40|     40|  16000|  8000|
+-----------------+---------+-------+-------+------+
|Utilization (%)  |        0|     82|      6|     8|
+-----------------+---------+-------+-------+------+

+ Detail: 
    * Instance: 
    N/A

    * DSP48: 
    N/A

    * Memory: 
    N/A

    * FIFO: 
    N/A

    * Expression: 
    +-------------------+----------+-------+---+----+------------+------------+
    |   Variable Name   | Operation| DSP48E| FF| LUT| Bitwidth P0| Bitwidth P1|
    +-------------------+----------+-------+---+----+------------+------------+
    |tmp_6_1_fu_212_p2  |     *    |      3|  0|  21|          32|          32|
    |tmp_6_2_fu_248_p2  |     *    |      3|  0|  21|          32|          32|
    |tmp_6_3_fu_254_p2  |     *    |      3|  0|  21|          32|          32|
    |tmp_6_4_fu_260_p2  |     *    |      3|  0|  21|          32|          32|
    |tmp_6_5_fu_309_p2  |     *    |      3|  0|  21|          32|          32|
    |tmp_6_6_fu_315_p2  |     *    |      3|  0|  21|          32|          32|
    |tmp_6_7_fu_321_p2  |     *    |      3|  0|  21|          32|          32|
    |tmp_6_8_fu_353_p2  |     *    |      3|  0|  21|          32|          32|
    |tmp_6_9_fu_358_p2  |     *    |      3|  0|  21|          32|          32|
    |tmp_6_fu_206_p2    |     *    |      3|  0|  21|          32|          32|
    |tmp_6_s_fu_364_p2  |     *    |      3|  0|  21|          32|          32|
    |tmp1_fu_266_p2     |     +    |      0|  0|  39|          32|          32|
    |tmp2_fu_274_p2     |     +    |      0|  0|  32|          32|          32|
    |tmp3_fu_270_p2     |     +    |      0|  0|  32|          32|          32|
    |tmp4_fu_387_p2     |     +    |      0|  0|  32|          32|          32|
    |tmp5_fu_383_p2     |     +    |      0|  0|  32|          32|          32|
    |tmp6_fu_370_p2     |     +    |      0|  0|  39|          32|          32|
    |tmp7_fu_378_p2     |     +    |      0|  0|  32|          32|          32|
    |tmp8_fu_374_p2     |     +    |      0|  0|  32|          32|          32|
    |tmp_fu_392_p2      |     +    |      0|  0|  32|          32|          32|
    |y                  |     +    |      0|  0|  32|          32|          32|
    +-------------------+----------+-------+---+----+------------+------------+
    |Total              |          |     33|  0| 565|         672|         672|
    +-------------------+----------+-------+---+----+------------+------------+

    * Multiplexer: 
    +------------+----+-----------+-----+-----------+
    |    Name    | LUT| Input Size| Bits| Total Bits|
    +------------+----+-----------+-----+-----------+
    |ap_NS_fsm   |  53|         12|    1|         12|
    |c_address0  |  38|          7|    4|         28|
    |c_address1  |  33|          6|    4|         24|
    |reg_179     |   9|          2|   32|         64|
    +------------+----+-----------+-----+-----------+
    |Total       | 133|         27|   41|        128|
    +------------+----+-----------+-----+-----------+

    * Register: 
    +------------------+----+----+-----+-----------+
    |       Name       | FF | LUT| Bits| Const Bits|
    +------------------+----+----+-----+-----------+
    |ap_CS_fsm         |  11|   0|   11|          0|
    |c_load_8_reg_477  |  32|   0|   32|          0|
    |reg_179           |  32|   0|   32|          0|
    |reg_184           |  32|   0|   32|          0|
    |reg_188           |  32|   0|   32|          0|
    |shift_reg_0       |  32|   0|   32|          0|
    |shift_reg_1       |  32|   0|   32|          0|
    |shift_reg_2       |  32|   0|   32|          0|
    |shift_reg_3       |  32|   0|   32|          0|
    |shift_reg_4       |  32|   0|   32|          0|
    |shift_reg_5       |  32|   0|   32|          0|
    |shift_reg_6       |  32|   0|   32|          0|
    |shift_reg_7       |  32|   0|   32|          0|
    |shift_reg_8       |  32|   0|   32|          0|
    |shift_reg_9       |  32|   0|   32|          0|
    |tmp1_reg_472      |  32|   0|   32|          0|
    |tmp2_reg_492      |  32|   0|   32|          0|
    |tmp4_reg_537      |  32|   0|   32|          0|
    |tmp6_reg_527      |  32|   0|   32|          0|
    |tmp7_reg_532      |  32|   0|   32|          0|
    |tmp_6_1_reg_432   |  32|   0|   32|          0|
    |tmp_6_2_reg_447   |  32|   0|   32|          0|
    |tmp_6_3_reg_452   |  32|   0|   32|          0|
    |tmp_6_4_reg_457   |  32|   0|   32|          0|
    |tmp_6_5_reg_497   |  32|   0|   32|          0|
    |tmp_6_6_reg_502   |  32|   0|   32|          0|
    |tmp_6_7_reg_507   |  32|   0|   32|          0|
    |tmp_6_8_reg_512   |  32|   0|   32|          0|
    |tmp_6_9_reg_517   |  32|   0|   32|          0|
    |tmp_6_reg_427     |  32|   0|   32|          0|
    |tmp_6_s_reg_522   |  32|   0|   32|          0|
    +------------------+----+----+-----+-----------+
    |Total             | 971|   0|  971|          0|
    +------------------+----+----+-----+-----------+



================================================================
== Interface
================================================================
* Summary: 
+------------+-----+-----+------------+--------------+--------------+
|  RTL Ports | Dir | Bits|  Protocol  | Source Object|    C Type    |
+------------+-----+-----+------------+--------------+--------------+
|ap_clk      |  in |    1| ap_ctrl_hs |      fir     | return value |
|ap_rst      |  in |    1| ap_ctrl_hs |      fir     | return value |
|ap_start    |  in |    1| ap_ctrl_hs |      fir     | return value |
|ap_done     | out |    1| ap_ctrl_hs |      fir     | return value |
|ap_idle     | out |    1| ap_ctrl_hs |      fir     | return value |
|ap_ready    | out |    1| ap_ctrl_hs |      fir     | return value |
|y           | out |   32|   ap_vld   |       y      |    pointer   |
|y_ap_vld    | out |    1|   ap_vld   |       y      |    pointer   |
|c_address0  | out |    4|  ap_memory |       c      |     array    |
|c_ce0       | out |    1|  ap_memory |       c      |     array    |
|c_q0        |  in |   32|  ap_memory |       c      |     array    |
|c_address1  | out |    4|  ap_memory |       c      |     array    |
|c_ce1       | out |    1|  ap_memory |       c      |     array    |
|c_q1        |  in |   32|  ap_memory |       c      |     array    |
|x           |  in |   32|   ap_none  |       x      |    scalar    |
+------------+-----+-----+------------+--------------+--------------+

