

================================================================
== Vivado HLS Report for 'mult'
================================================================
* Date:           Fri Nov 30 14:14:35 2018

* Version:        2018.2 (Build 2258646 on Thu Jun 14 20:25:20 MDT 2018)
* Project:        start_prj
* Solution:       solution1
* Product family: aartix7
* Target device:  xa7a12tcsg325-1q


================================================================
== Performance Estimates
================================================================
+ Timing (ns): 
    * Summary: 
    +--------+-------+----------+------------+
    |  Clock | Target| Estimated| Uncertainty|
    +--------+-------+----------+------------+
    |ap_clk  |  10.00|     6.890|        1.25|
    +--------+-------+----------+------------+

+ Latency (clock cycles): 
    * Summary: 
    +-----+-----+-----+-----+---------+
    |  Latency  |  Interval | Pipeline|
    | min | max | min | max |   Type  |
    +-----+-----+-----+-----+---------+
    |    4|    4|    4|    4|   none  |
    +-----+-----+-----+-----+---------+

    + Detail: 
        * Instance: 
        N/A

        * Loop: 
        N/A



================================================================
== Utilization Estimates
================================================================
* Summary: 
+-----------------+---------+-------+-------+------+
|       Name      | BRAM_18K| DSP48E|   FF  |  LUT |
+-----------------+---------+-------+-------+------+
|DSP              |        -|      -|      -|     -|
|Expression       |        -|      -|      -|     -|
|FIFO             |        -|      -|      -|     -|
|Instance         |        -|     16|    441|   256|
|Memory           |        -|      -|      -|     -|
|Multiplexer      |        -|      -|      -|    33|
|Register         |        -|      -|      5|     -|
+-----------------+---------+-------+-------+------+
|Total            |        0|     16|    446|   289|
+-----------------+---------+-------+-------+------+
|Available        |       40|     40|  16000|  8000|
+-----------------+---------+-------+-------+------+
|Utilization (%)  |        0|     40|      2|     3|
+-----------------+---------+-------+-------+------+

+ Detail: 
    * Instance: 
    +-------------------------+----------------------+---------+-------+-----+-----+
    |         Instance        |        Module        | BRAM_18K| DSP48E|  FF | LUT |
    +-------------------------+----------------------+---------+-------+-----+-----+
    |mult_mul_64s_64s_bkb_U1  |mult_mul_64s_64s_bkb  |        0|     16|  441|  256|
    +-------------------------+----------------------+---------+-------+-----+-----+
    |Total                    |                      |        0|     16|  441|  256|
    +-------------------------+----------------------+---------+-------+-----+-----+

    * DSP48: 
    N/A

    * Memory: 
    N/A

    * FIFO: 
    N/A

    * Expression: 
    N/A

    * Multiplexer: 
    +-----------+----+-----------+-----+-----------+
    |    Name   | LUT| Input Size| Bits| Total Bits|
    +-----------+----+-----------+-----+-----------+
    |ap_NS_fsm  |  33|          6|    1|          6|
    +-----------+----+-----------+-----+-----------+
    |Total      |  33|          6|    1|          6|
    +-----------+----+-----------+-----+-----------+

    * Register: 
    +-----------+---+----+-----+-----------+
    |    Name   | FF| LUT| Bits| Const Bits|
    +-----------+---+----+-----+-----------+
    |ap_CS_fsm  |  5|   0|    5|          0|
    +-----------+---+----+-----+-----------+
    |Total      |  5|   0|    5|          0|
    +-----------+---+----+-----+-----------+



================================================================
== Interface
================================================================
* Summary: 
+----------+-----+-----+------------+--------------+--------------+
| RTL Ports| Dir | Bits|  Protocol  | Source Object|    C Type    |
+----------+-----+-----+------------+--------------+--------------+
|ap_clk    |  in |    1| ap_ctrl_hs |     mult     | return value |
|ap_rst    |  in |    1| ap_ctrl_hs |     mult     | return value |
|ap_start  |  in |    1| ap_ctrl_hs |     mult     | return value |
|ap_done   | out |    1| ap_ctrl_hs |     mult     | return value |
|ap_idle   | out |    1| ap_ctrl_hs |     mult     | return value |
|ap_ready  | out |    1| ap_ctrl_hs |     mult     | return value |
|a         | out |   64|   ap_vld   |       a      |    pointer   |
|a_ap_vld  | out |    1|   ap_vld   |       a      |    pointer   |
|b         |  in |   64|   ap_none  |       b      |    scalar    |
|c         |  in |   64|   ap_none  |       c      |    scalar    |
+----------+-----+-----+------------+--------------+--------------+

