

================================================================
== Vivado HLS Report for 'scaled_fixed2ieee'
================================================================
* Date:           Fri May 17 16:31:46 2019

* Version:        2018.2 (Build 2258646 on Thu Jun 14 20:25:20 MDT 2018)
* Project:        DFT_HLS
* Solution:       solution1
* Product family: aartix7
* Target device:  xa7a12tcsg325-1q


================================================================
== Performance Estimates
================================================================
+ Timing (ns): 
    * Summary: 
    +--------+-------+----------+------------+
    |  Clock | Target| Estimated| Uncertainty|
    +--------+-------+----------+------------+
    |ap_clk  |  10.00|     8.531|        1.25|
    +--------+-------+----------+------------+

+ Latency (clock cycles): 
    * Summary: 
    +-----+-----+-----+-----+---------+
    |  Latency  |  Interval | Pipeline|
    | min | max | min | max |   Type  |
    +-----+-----+-----+-----+---------+
    |   19|   27|   19|   27|   none  |
    +-----+-----+-----+-----+---------+

    + Detail: 
        * Instance: 
        N/A

        * Loop: 
        +----------+-----+-----+----------+-----------+-----------+-------+----------+
        |          |  Latency  | Iteration|  Initiation Interval  |  Trip |          |
        | Loop Name| min | max |  Latency |  achieved |   target  | Count | Pipelined|
        +----------+-----+-----+----------+-----------+-----------+-------+----------+
        |- Loop 1  |    9|    9|         3|          -|          -|      3|    no    |
        |- Loop 2  |    4|    4|         1|          -|          -|      4|    no    |
        |- Loop 3  |    2|    9|         2|          -|          -| 1 ~ 4 |    no    |
        +----------+-----+-----+----------+-----------+-----------+-------+----------+



================================================================
== Utilization Estimates
================================================================
* Summary: 
+-----------------+---------+-------+-------+------+
|       Name      | BRAM_18K| DSP48E|   FF  |  LUT |
+-----------------+---------+-------+-------+------+
|DSP              |        -|      -|      -|     -|
|Expression       |        -|      -|     73|  1437|
|FIFO             |        -|      -|      -|     -|
|Instance         |        -|      -|      0|   130|
|Memory           |        -|      -|      -|     -|
|Multiplexer      |        -|      -|      -|   131|
|Register         |        -|      -|    747|     -|
+-----------------+---------+-------+-------+------+
|Total            |        0|      0|    820|  1698|
+-----------------+---------+-------+-------+------+
|Available        |       40|     40|  16000|  8000|
+-----------------+---------+-------+-------+------+
|Utilization (%)  |        0|      0|      5|    21|
+-----------------+---------+-------+-------+------+

+ Detail: 
    * Instance: 
    +----------------------+-------------------+---------+-------+---+----+
    |       Instance       |       Module      | BRAM_18K| DSP48E| FF| LUT|
    +----------------------+-------------------+---------+-------+---+----+
    |dft_mux_42_32_1_1_U1  |dft_mux_42_32_1_1  |        0|      0|  0|  65|
    |dft_mux_42_32_1_1_U2  |dft_mux_42_32_1_1  |        0|      0|  0|  65|
    +----------------------+-------------------+---------+-------+---+----+
    |Total                 |                   |        0|      0|  0| 130|
    +----------------------+-------------------+---------+-------+---+----+

    * DSP48: 
    N/A

    * Memory: 
    N/A

    * FIFO: 
    N/A

    * Expression: 
    +-----------------------+----------+-------+----+-----+------------+------------+
    |     Variable Name     | Operation| DSP48E| FF | LUT | Bitwidth P0| Bitwidth P1|
    +-----------------------+----------+-------+----+-----+------------+------------+
    |i_1_fu_240_p2          |     +    |      0|   0|   10|           2|           1|
    |i_2_fu_413_p2          |     +    |      0|   0|   12|           3|           1|
    |i_3_fu_479_p2          |     +    |      0|   0|   12|           3|           1|
    |shift_2_fu_529_p2      |     +    |      0|   0|   39|          32|          32|
    |Hi_assign_fu_254_p2    |     -    |      0|   0|   15|           3|           6|
    |Lo_assign_fu_260_p2    |     -    |      0|   0|   15|           6|           6|
    |newexp_fu_581_p2       |     -    |      0|   0|   39|          32|          32|
    |tmp_23_fu_308_p2       |     -    |      0|   0|   15|           6|           6|
    |tmp_24_fu_266_p2       |     -    |      0|   0|   15|           3|           6|
    |tmp_25_fu_312_p2       |     -    |      0|   0|   15|           6|           6|
    |tmp_29_fu_337_p2       |     -    |      0|   0|   15|           3|           6|
    |tmp_3_fu_523_p2        |     -    |      0|   0|   39|           1|          32|
    |tmp_s_fu_572_p2        |     -    |      0|   0|   19|          10|          12|
    |p_Result_s_fu_363_p2   |    and   |      0|   0|   70|          63|          63|
    |tmp_5_fu_549_p2        |   ashr   |      0|   0|  180|          63|          63|
    |c_0_fu_443_p3          |   cttz   |      0|  73|   71|          32|           0|
    |exitcond1_fu_234_p2    |   icmp   |      0|   0|    8|           2|           2|
    |exitcond_fu_407_p2     |   icmp   |      0|   0|    9|           3|           4|
    |tmp_10_fu_567_p2       |   icmp   |      0|   0|   29|          63|           1|
    |tmp_21_fu_295_p2       |   icmp   |      0|   0|   11|           6|           6|
    |tmp_9_fu_562_p2        |   icmp   |      0|   0|   18|          32|           5|
    |tmp_32_fu_351_p2       |   lshr   |      0|   0|  180|          63|          63|
    |tmp_33_fu_357_p2       |   lshr   |      0|   0|  180|           2|          63|
    |or_cond_fu_595_p2      |    or    |      0|   0|    8|           1|           1|
    |in_shift_V_fu_555_p3   |  select  |      0|   0|   63|           1|          63|
    |out_exp_V_fu_622_p3    |  select  |      0|   0|   11|           1|           1|
    |p_Val2_31_fu_614_p3    |  select  |      0|   0|   52|           1|           1|
    |sh_assign_1_fu_534_p3  |  select  |      0|   0|   32|           1|          32|
    |tmp_26_fu_316_p3       |  select  |      0|   0|    6|           1|           6|
    |tmp_27_fu_324_p3       |  select  |      0|   0|   63|           1|          63|
    |tmp_28_fu_331_p3       |  select  |      0|   0|    6|           1|           6|
    |tmp_8_fu_543_p2        |    shl   |      0|   0|  180|          63|          63|
    +-----------------------+----------+-------+----+-----+------------+------------+
    |Total                  |          |      0|  73| 1437|         510|         653|
    +-----------------------+----------+-------+----+-----+------------+------------+

    * Multiplexer: 
    +------------------+----+-----------+-----+-----------+
    |       Name       | LUT| Input Size| Bits| Total Bits|
    +------------------+----+-----------+-----+-----------+
    |ap_NS_fsm         |  44|          9|    1|          9|
    |ap_return         |   9|          2|   63|        126|
    |i1_reg_161        |   9|          2|    3|          6|
    |i2_reg_194        |   9|          2|    3|          6|
    |i_reg_138         |   9|          2|    2|          4|
    |in_shift_reg_172  |   9|          2|   63|        126|
    |p_Val2_2_reg_150  |  15|          3|   32|         96|
    |p_Val2_s_reg_205  |   9|          2|   63|        126|
    |shift_1_reg_215   |   9|          2|   32|         64|
    |shift_reg_182     |   9|          2|   32|         64|
    +------------------+----+-----------+-----+-----------+
    |Total             | 131|         28|  294|        627|
    +------------------+----+-----------+-----+-----------+

    * Register: 
    +-----------------------------+----+----+-----+-----------+
    |             Name            | FF | LUT| Bits| Const Bits|
    +-----------------------------+----+----+-----+-----------+
    |Hi_assign_reg_702            |   2|   0|    6|          4|
    |Lo_assign_reg_709            |   2|   0|    6|          4|
    |ap_CS_fsm                    |   8|   0|    8|          0|
    |ap_return_preg               |  63|   0|   64|          1|
    |c_3_1_fu_114                 |  32|   0|   32|          0|
    |c_3_2_fu_118                 |  32|   0|   32|          0|
    |c_3_3_fu_122                 |  32|   0|   32|          0|
    |c_3_fu_110                   |  32|   0|   32|          0|
    |i1_reg_161                   |   3|   0|    3|          0|
    |i2_reg_194                   |   3|   0|    3|          0|
    |i_1_reg_697                  |   2|   0|    2|          0|
    |i_3_reg_771                  |   3|   0|    3|          0|
    |i_reg_138                    |   2|   0|    2|          0|
    |in_shift_reg_172             |  63|   0|   63|          0|
    |isNeg_reg_783                |   1|   0|    1|          0|
    |out_bits_2_V_1_fu_102        |  32|   0|   32|          0|
    |out_bits_2_V_1_load_reg_682  |  32|   0|   32|          0|
    |out_bits_2_V_2_fu_106        |  32|   0|   32|          0|
    |out_bits_2_V_2_load_reg_688  |  32|   0|   32|          0|
    |out_bits_2_V_fu_98           |  32|   0|   32|          0|
    |out_bits_2_V_load_reg_676    |  32|   0|   32|          0|
    |p_Result_28_reg_746          |  32|   0|   32|          0|
    |p_Val2_2_reg_150             |  32|   0|   32|          0|
    |p_Val2_s_reg_205             |  63|   0|   63|          0|
    |sh_assign_reg_776            |  32|   0|   32|          0|
    |shift_1_reg_215              |  32|   0|   32|          0|
    |shift_reg_182                |  32|   0|   32|          0|
    |tmp_10_reg_809               |   1|   0|    1|          0|
    |tmp_24_reg_717               |   2|   0|    6|          4|
    |tmp_36_reg_751               |  16|   0|   16|          0|
    |tmp_37_reg_767               |   1|   0|    1|          0|
    |tmp_3_reg_789                |  32|   0|   32|          0|
    +-----------------------------+----+----+-----+-----------+
    |Total                        | 747|   0|  760|         13|
    +-----------------------------+----+----+-----+-----------+



================================================================
== Interface
================================================================
* Summary: 
+-----------+-----+-----+------------+-------------------+--------------+
| RTL Ports | Dir | Bits|  Protocol  |   Source Object   |    C Type    |
+-----------+-----+-----+------------+-------------------+--------------+
|ap_clk     |  in |    1| ap_ctrl_hs | scaled_fixed2ieee | return value |
|ap_rst     |  in |    1| ap_ctrl_hs | scaled_fixed2ieee | return value |
|ap_start   |  in |    1| ap_ctrl_hs | scaled_fixed2ieee | return value |
|ap_done    | out |    1| ap_ctrl_hs | scaled_fixed2ieee | return value |
|ap_idle    | out |    1| ap_ctrl_hs | scaled_fixed2ieee | return value |
|ap_ready   | out |    1| ap_ctrl_hs | scaled_fixed2ieee | return value |
|ap_return  | out |   64| ap_ctrl_hs | scaled_fixed2ieee | return value |
|in_V       |  in |   63|   ap_none  |        in_V       |    scalar    |
|prescale   |  in |   12|   ap_none  |      prescale     |    scalar    |
+-----------+-----+-----+------------+-------------------+--------------+

