

================================================================
== Vivado HLS Report for 'sin_or_cos_double_s'
================================================================
* Date:           Fri May 17 16:36:05 2019

* Version:        2018.2 (Build 2258646 on Thu Jun 14 20:25:20 MDT 2018)
* Project:        DFT_HLS
* Solution:       solution2
* Product family: aartix7
* Target device:  xa7a100tcsg324-1i


================================================================
== Performance Estimates
================================================================
+ Timing (ns): 
    * Summary: 
    +--------+-------+----------+------------+
    |  Clock | Target| Estimated| Uncertainty|
    +--------+-------+----------+------------+
    |ap_clk  |  10.00|     8.573|        1.25|
    +--------+-------+----------+------------+

+ Latency (clock cycles): 
    * Summary: 
    +-----+-----+-----+-----+---------+
    |  Latency  |  Interval | Pipeline|
    | min | max | min | max |   Type  |
    +-----+-----+-----+-----+---------+
    |   42|   50|   42|   50|   none  |
    +-----+-----+-----+-----+---------+

    + Detail: 
        * Instance: 
        +------------------------------+-------------------+-----+-----+-----+-----+---------+
        |                              |                   |  Latency  |  Interval | Pipeline|
        |           Instance           |       Module      | min | max | min | max |   Type  |
        +------------------------------+-------------------+-----+-----+-----+-----+---------+
        |grp_scaled_fixed2ieee_fu_268  |scaled_fixed2ieee  |   19|   27|   19|   27|   none  |
        +------------------------------+-------------------+-----+-----+-----+-----+---------+

        * Loop: 
        N/A



================================================================
== Utilization Estimates
================================================================
* Summary: 
+-----------------+---------+-------+--------+-------+
|       Name      | BRAM_18K| DSP48E|   FF   |  LUT  |
+-----------------+---------+-------+--------+-------+
|DSP              |        -|      -|       -|      -|
|Expression       |        -|      4|      73|   2835|
|FIFO             |        -|      -|       -|      -|
|Instance         |        -|     82|    3015|   3052|
|Memory           |        8|      -|     213|    852|
|Multiplexer      |        -|      -|       -|    117|
|Register         |        -|      -|    1608|      -|
+-----------------+---------+-------+--------+-------+
|Total            |        8|     86|    4909|   6856|
+-----------------+---------+-------+--------+-------+
|Available        |      270|    240|  126800|  63400|
+-----------------+---------+-------+--------+-------+
|Utilization (%)  |        2|     35|       3|     10|
+-----------------+---------+-------+--------+-------+

+ Detail: 
    * Instance: 
    +------------------------------+----------------------+---------+-------+-----+------+
    |           Instance           |        Module        | BRAM_18K| DSP48E|  FF |  LUT |
    +------------------------------+----------------------+---------+-------+-----+------+
    |dft_mul_170ns_53nhbi_U6       |dft_mul_170ns_53nhbi  |        0|     16|  441|   256|
    |dft_mul_42ns_33nslbW_U13      |dft_mul_42ns_33nslbW  |        0|      5|  205|    88|
    |dft_mul_49ns_44s_kbM_U12      |dft_mul_49ns_44s_kbM  |        0|      9|  233|    85|
    |dft_mul_49ns_49nsibs_U8       |dft_mul_49ns_49nsibs  |        0|      9|  233|    85|
    |dft_mul_49ns_49nsibs_U9       |dft_mul_49ns_49nsibs  |        0|      9|  233|    85|
    |dft_mul_49ns_49nsibs_U10      |dft_mul_49ns_49nsibs  |        0|      9|  233|    85|
    |dft_mul_56ns_52s_jbC_U11      |dft_mul_56ns_52s_jbC  |        0|      9|  176|   219|
    |dft_mul_64s_63ns_mb6_U14      |dft_mul_64s_63ns_mb6  |        0|     16|  441|   256|
    |dft_mux_164_1_1_1_U15         |dft_mux_164_1_1_1     |        0|      0|    0|    65|
    |dft_mux_164_1_1_1_U16         |dft_mux_164_1_1_1     |        0|      0|    0|    65|
    |dft_mux_83_1_1_1_U7           |dft_mux_83_1_1_1      |        0|      0|    0|    65|
    |grp_scaled_fixed2ieee_fu_268  |scaled_fixed2ieee     |        0|      0|  820|  1698|
    +------------------------------+----------------------+---------+-------+-----+------+
    |Total                         |                      |        0|     82| 3015|  3052|
    +------------------------------+----------------------+---------+-------+-----+------+

    * DSP48: 
    N/A

    * Memory: 
    +-------------------------+----------------------+---------+----+-----+------+-----+------+-------------+
    |          Memory         |        Module        | BRAM_18K| FF | LUT | Words| Bits| Banks| W*Bits*Banks|
    +-------------------------+----------------------+---------+----+-----+------+-----+------+-------------+
    |ref_4oPi_table_256_V_U   |sin_or_cos_doublebkb  |        8|   0|    0|    10|  256|     1|         2560|
    |fourth_order_double_4_U  |sin_or_cos_doublecud  |        0|  59|  236|   256|   59|     1|        15104|
    |fourth_order_double_5_U  |sin_or_cos_doubledEe  |        0|  52|  208|   256|   52|     1|        13312|
    |fourth_order_double_6_U  |sin_or_cos_doubleeOg  |        0|  44|  176|   256|   44|     1|        11264|
    |fourth_order_double_7_U  |sin_or_cos_doublefYi  |        0|  33|  132|   256|   33|     1|         8448|
    |fourth_order_double_s_U  |sin_or_cos_doubleg8j  |        0|  25|  100|   256|   25|     1|         6400|
    +-------------------------+----------------------+---------+----+-----+------+-----+------+-------------+
    |Total                    |                      |        8| 213|  852|  1290|  469|     6|        57088|
    +-------------------------+----------------------+---------+----+-----+------+-----+------+-------------+

    * FIFO: 
    N/A

    * Expression: 
    +---------------------------------+----------+-------+----+-----+------------+------------+
    |          Variable Name          | Operation| DSP48E| FF | LUT | Bitwidth P0| Bitwidth P1|
    +---------------------------------+----------+-------+----+-----+------------+------------+
    |p_Val2_4_fu_764_p2               |     *    |      4|   0|   24|          35|          25|
    |expv_op_fu_306_p2                |     +    |      0|   0|   18|          11|          11|
    |p_Val2_21_fu_787_p2              |     +    |      0|   0|   64|          64|          64|
    |p_Val2_22_fu_796_p2              |     +    |      0|   0|   64|          64|          64|
    |p_Val2_23_fu_826_p2              |     +    |      0|   0|   64|          64|          64|
    |r_V_3_fu_834_p2                  |     +    |      0|   0|   64|          64|          64|
    |tmp_i_fu_435_p2                  |     +    |      0|   0|   18|          11|          11|
    |Ex_V_fu_507_p2                   |     -    |      0|   0|   18|          11|          11|
    |p_Val2_i_fu_413_p2               |     -    |      0|   0|  131|           1|         124|
    |r_V_fu_880_p2                    |     -    |      0|   0|   19|           1|          12|
    |tmp_20_i_fu_534_p2               |     -    |      0|   0|   19|           1|          12|
    |not_or_cond_demorgan_fu_1057_p2  |    and   |      0|   0|    8|           1|           1|
    |or_cond_fu_1001_p2               |    and   |      0|   0|    8|           1|           1|
    |p_Result_s_fu_1005_p2            |    and   |      0|   0|    8|           1|           1|
    |tmp_i3_i_fu_472_p3               |   cttz   |      0|  73|   71|          64|           0|
    |closepath_fu_300_p2              |   icmp   |      0|   0|   13|          11|          10|
    |tmp_6_fu_521_p2                  |   icmp   |      0|   0|   13|          11|           1|
    |tmp_7_fu_378_p2                  |   icmp   |      0|   0|   29|          52|           1|
    |tmp_8_fu_526_p2                  |   icmp   |      0|   0|   13|          11|           2|
    |tmp_22_i_fu_555_p2               |   lshr   |      0|   0|  180|          63|          63|
    |tmp_10_fu_1075_p2                |    or    |      0|   0|    8|           1|           1|
    |tmp_9_fu_1021_p2                 |    or    |      0|   0|    8|           1|           1|
    |Mx_V_read_assign_fu_840_p3       |  select  |      0|   0|   63|           1|           2|
    |addr_V_fu_312_p3                 |  select  |      0|   0|   11|           1|           7|
    |cos_basis_fu_817_p3              |  select  |      0|   0|    2|           1|           1|
    |p_Ex_V_ret_fu_859_p3             |  select  |      0|   0|   11|           1|           1|
    |p_Result_1_cast_fu_1067_p3       |  select  |      0|   0|    2|           1|           2|
    |p_Result_s_39_fu_1026_p3         |  select  |      0|   0|    2|           1|           1|
    |p_Result_s_40_fu_1034_p3         |  select  |      0|   0|   11|           1|           2|
    |p_Result_s_41_fu_1041_p3         |  select  |      0|   0|    2|           1|           1|
    |p_Val2_11_fu_418_p3              |  select  |      0|   0|  124|           1|         124|
    |p_Val2_14_fu_565_p3              |  select  |      0|   0|   63|           1|          63|
    |p_Val2_29_fu_403_p3              |  select  |      0|   0|    3|           1|           1|
    |p_cast_cast_fu_1009_p3           |  select  |      0|   0|   10|           1|          10|
    |ret_V_6_fu_1049_p3               |  select  |      0|   0|   11|           1|          11|
    |ret_V_7_fu_1080_p3               |  select  |      0|   0|   52|           1|          52|
    |sh_assign_fu_540_p3              |  select  |      0|   0|   12|           1|          12|
    |storemerge_i_fu_440_p3           |  select  |      0|   0|   11|           1|          11|
    |tmp_5_fu_994_p3                  |  select  |      0|   0|    2|           1|           1|
    |p_Val2_13_fu_488_p2              |    shl   |      0|   0|  411|         124|         124|
    |r_V_4_fu_342_p2                  |    shl   |      0|   0|  950|         256|         256|
    |tmp_23_i_fu_560_p2               |    shl   |      0|   0|  180|          63|          63|
    |not_do_cos_i_fu_626_p2           |    xor   |      0|   0|    8|           1|           2|
    |not_or_cond_fu_1061_p2           |    xor   |      0|   0|    8|           1|           2|
    |not_tmp_s_fu_1016_p2             |    xor   |      0|   0|    8|           1|           2|
    |sin_basis_fu_632_p2              |    xor   |      0|   0|    8|           1|           1|
    |tmp_s_fu_812_p2                  |    xor   |      0|   0|    8|           1|           2|
    +---------------------------------+----------+-------+----+-----+------------+------------+
    |Total                            |          |      4|  73| 2835|        1009|        1298|
    +---------------------------------+----------+-------+----+-----+------------+------------+

    * Multiplexer: 
    +-----------+-----+-----------+-----+-----------+
    |    Name   | LUT | Input Size| Bits| Total Bits|
    +-----------+-----+-----------+-----+-----------+
    |ap_NS_fsm  |  117|         25|    1|         25|
    +-----------+-----+-----------+-----+-----------+
    |Total      |  117|         25|    1|         25|
    +-----------+-----+-----------+-----+-----------+

    * Register: 
    +-------------------------------------------+-----+----+-----+-----------+
    |                    Name                   |  FF | LUT| Bits| Const Bits|
    +-------------------------------------------+-----+----+-----+-----------+
    |Ex_V_reg_1192                              |   11|   0|   11|          0|
    |Mx_V_reg_1185                              |   63|   0|   63|          0|
    |OP1_V_reg_1245                             |   49|   0|   98|         49|
    |ap_CS_fsm                                  |   24|   0|   24|          0|
    |closepath_reg_1121                         |    1|   0|    1|          0|
    |cos_basis_reg_1392                         |    1|   0|    1|          0|
    |fourth_order_double_10_reg_1280            |   52|   0|   52|          0|
    |fourth_order_double_12_reg_1285            |   44|   0|   44|          0|
    |fourth_order_double_14_reg_1357            |   33|   0|   33|          0|
    |fourth_order_double_16_reg_1362            |   25|   0|   25|          0|
    |grp_scaled_fixed2ieee_fu_268_ap_start_reg  |    1|   0|    1|          0|
    |isNeg_reg_1198                             |    1|   0|    1|          0|
    |loc_V_1_reg_1115                           |   52|   0|   52|          0|
    |loc_V_reg_1108                             |   11|   0|   11|          0|
    |not_do_cos_i_reg_1252                      |    1|   0|    1|          0|
    |p_Result_19_reg_1102                       |    1|   0|    1|          0|
    |p_Result_i2_i_reg_1180                     |   61|   0|   61|          0|
    |p_Result_i_reg_1218                        |    7|   0|    7|          0|
    |p_Val2_11_reg_1175                         |  124|   0|  124|          0|
    |p_Val2_15_reg_1223                         |   56|   0|   56|          0|
    |p_Val2_19_reg_1342                         |   59|   0|   59|          0|
    |p_Val2_22_reg_1382                         |   64|   0|   64|          0|
    |p_Val2_29_reg_1169                         |    3|   0|    3|          0|
    |p_Val2_8_reg_1158                          |  124|   0|  124|          0|
    |r_V_3_reg_1399                             |   64|   0|   64|          0|
    |r_V_reg_1419                               |   12|   0|   12|          0|
    |result_V_reg_1414                          |   63|   0|   63|          0|
    |resultf_reg_1424                           |   64|   0|   64|          0|
    |ret_V_reg_1137                             |  170|   0|  170|          0|
    |tmp_12_i_reg_1347                          |   56|   0|   56|          0|
    |tmp_13_reg_1132                            |    7|   0|    7|          0|
    |tmp_14_i1_reg_1352                         |   48|   0|   48|          0|
    |tmp_14_i_reg_1164                          |    3|   0|    3|          0|
    |tmp_1_reg_1387                             |   37|   0|   37|          0|
    |tmp_25_i_reg_1274                          |   49|   0|   49|          0|
    |tmp_27_i_reg_1332                          |   42|   0|   42|          0|
    |tmp_29_i_reg_1337                          |   35|   0|   35|          0|
    |tmp_2_reg_1377                             |   29|   0|   29|          0|
    |tmp_30_i_reg_1257                          |    8|   0|   64|         56|
    |tmp_6_reg_1204                             |    1|   0|    1|          0|
    |tmp_7_reg_1152                             |    1|   0|    1|          0|
    |tmp_8_reg_1210                             |    1|   0|    1|          0|
    |tmp_i1_reg_1228                            |   49|   0|   49|          0|
    |tmp_reg_1239                               |    1|   0|    1|          0|
    +-------------------------------------------+-----+----+-----+-----------+
    |Total                                      | 1608|   0| 1713|        105|
    +-------------------------------------------+-----+----+-----+-----------+



================================================================
== Interface
================================================================
* Summary: 
+-----------+-----+-----+------------+--------------------+--------------+
| RTL Ports | Dir | Bits|  Protocol  |    Source Object   |    C Type    |
+-----------+-----+-----+------------+--------------------+--------------+
|ap_clk     |  in |    1| ap_ctrl_hs | sin_or_cos<double> | return value |
|ap_rst     |  in |    1| ap_ctrl_hs | sin_or_cos<double> | return value |
|ap_start   |  in |    1| ap_ctrl_hs | sin_or_cos<double> | return value |
|ap_done    | out |    1| ap_ctrl_hs | sin_or_cos<double> | return value |
|ap_idle    | out |    1| ap_ctrl_hs | sin_or_cos<double> | return value |
|ap_ready   | out |    1| ap_ctrl_hs | sin_or_cos<double> | return value |
|ap_return  | out |   64| ap_ctrl_hs | sin_or_cos<double> | return value |
|t_in       |  in |   64|   ap_none  |        t_in        |    scalar    |
|do_cos     |  in |    1|   ap_none  |       do_cos       |    scalar    |
+-----------+-----+-----+------------+--------------------+--------------+

