

================================================================
== Vivado HLS Report for 'fir'
================================================================
* Date:           Wed Nov 28 15:04:33 2018

* Version:        2018.2 (Build 2258646 on Thu Jun 14 20:25:20 MDT 2018)
* Project:        start_prj
* Solution:       solution1
* Product family: aartix7
* Target device:  xa7a12tcsg325-1q


================================================================
== Performance Estimates
================================================================
+ Timing (ns): 
    * Summary: 
    +--------+-------+----------+------------+
    |  Clock | Target| Estimated| Uncertainty|
    +--------+-------+----------+------------+
    |ap_clk  |  10.00|     8.470|        1.25|
    +--------+-------+----------+------------+

+ Latency (clock cycles): 
    * Summary: 
    +-----+-----+-----+-----+---------+
    |  Latency  |  Interval | Pipeline|
    | min | max | min | max |   Type  |
    +-----+-----+-----+-----+---------+
    |   44|   44|   44|   44|   none  |
    +-----+-----+-----+-----+---------+

    + Detail: 
        * Instance: 
        N/A

        * Loop: 
        +----------+-----+-----+----------+-----------+-----------+------+----------+
        |          |  Latency  | Iteration|  Initiation Interval  | Trip |          |
        | Loop Name| min | max |  Latency |  achieved |   target  | Count| Pipelined|
        +----------+-----+-----+----------+-----------+-----------+------+----------+
        |- Loop 1  |   40|   40|         4|          -|          -|    10|    no    |
        +----------+-----+-----+----------+-----------+-----------+------+----------+



================================================================
== Utilization Estimates
================================================================
* Summary: 
+-----------------+---------+-------+-------+------+
|       Name      | BRAM_18K| DSP48E|   FF  |  LUT |
+-----------------+---------+-------+-------+------+
|DSP              |        -|      -|      -|     -|
|Expression       |        -|      6|      0|   142|
|FIFO             |        -|      -|      -|     -|
|Instance         |        -|      -|      -|     -|
|Memory           |        0|      -|     64|     6|
|Multiplexer      |        -|      -|      -|   113|
|Register         |        -|      -|    180|     -|
+-----------------+---------+-------+-------+------+
|Total            |        0|      6|    244|   261|
+-----------------+---------+-------+-------+------+
|Available        |       40|     40|  16000|  8000|
+-----------------+---------+-------+-------+------+
|Utilization (%)  |        0|     15|      1|     3|
+-----------------+---------+-------+-------+------+

+ Detail: 
    * Instance: 
    N/A

    * DSP48: 
    N/A

    * Memory: 
    +-------------+---------------+---------+----+----+------+-----+------+-------------+
    |    Memory   |     Module    | BRAM_18K| FF | LUT| Words| Bits| Banks| W*Bits*Banks|
    +-------------+---------------+---------+----+----+------+-----+------+-------------+
    |shift_reg_U  |fir_shift_reg  |        0|  64|   6|    11|   32|     1|          352|
    +-------------+---------------+---------+----+----+------+-----+------+-------------+
    |Total        |               |        0|  64|   6|    11|   32|     1|          352|
    +-------------+---------------+---------+----+----+------+-----+------+-------------+

    * FIFO: 
    N/A

    * Expression: 
    +-----------------+----------+-------+---+----+------------+------------+
    |  Variable Name  | Operation| DSP48E| FF| LUT| Bitwidth P0| Bitwidth P1|
    +-----------------+----------+-------+---+----+------------+------------+
    |tmp_4_fu_140_p2  |     *    |      3|  0|  21|          32|          32|
    |tmp_6_fu_150_p2  |     *    |      3|  0|  21|          32|          32|
    |acc_1_fu_145_p2  |     +    |      0|  0|  39|          32|          32|
    |i_1_fu_124_p2    |     +    |      0|  0|  13|           4|           2|
    |y                |     +    |      0|  0|  39|          32|          32|
    |tmp_fu_118_p2    |   icmp   |      0|  0|   9|           4|           1|
    +-----------------+----------+-------+---+----+------------+------------+
    |Total            |          |      6|  0| 142|         136|         131|
    +-----------------+----------+-------+---+----+------------+------------+

    * Multiplexer: 
    +--------------------+----+-----------+-----+-----------+
    |        Name        | LUT| Input Size| Bits| Total Bits|
    +--------------------+----+-----------+-----+-----------+
    |acc_reg_91          |   9|          2|   32|         64|
    |ap_NS_fsm           |  44|          9|    1|          9|
    |c_address0          |  15|          3|    4|         12|
    |i_reg_103           |   9|          2|    4|          8|
    |shift_reg_address0  |  21|          4|    4|         16|
    |shift_reg_d0        |  15|          3|   32|         96|
    +--------------------+----+-----------+-----+-----------+
    |Total               | 113|         23|   77|        205|
    +--------------------+----+-----------+-----+-----------+

    * Register: 
    +------------------------+----+----+-----+-----------+
    |          Name          | FF | LUT| Bits| Const Bits|
    +------------------------+----+----+-----+-----------+
    |acc_reg_91              |  32|   0|   32|          0|
    |ap_CS_fsm               |   8|   0|    8|          0|
    |i_1_reg_175             |   4|   0|    4|          0|
    |i_reg_103               |   4|   0|    4|          0|
    |reg_114                 |  32|   0|   32|          0|
    |shift_reg_load_reg_195  |  32|   0|   32|          0|
    |tmp_3_reg_185           |   4|   0|   64|         60|
    |tmp_4_reg_200           |  32|   0|   32|          0|
    |tmp_6_reg_210           |  32|   0|   32|          0|
    +------------------------+----+----+-----+-----------+
    |Total                   | 180|   0|  240|         60|
    +------------------------+----+----+-----+-----------+



================================================================
== Interface
================================================================
* Summary: 
+------------+-----+-----+------------+--------------+--------------+
|  RTL Ports | Dir | Bits|  Protocol  | Source Object|    C Type    |
+------------+-----+-----+------------+--------------+--------------+
|ap_clk      |  in |    1| ap_ctrl_hs |      fir     | return value |
|ap_rst      |  in |    1| ap_ctrl_hs |      fir     | return value |
|ap_start    |  in |    1| ap_ctrl_hs |      fir     | return value |
|ap_done     | out |    1| ap_ctrl_hs |      fir     | return value |
|ap_idle     | out |    1| ap_ctrl_hs |      fir     | return value |
|ap_ready    | out |    1| ap_ctrl_hs |      fir     | return value |
|y           | out |   32|   ap_vld   |       y      |    pointer   |
|y_ap_vld    | out |    1|   ap_vld   |       y      |    pointer   |
|c_address0  | out |    4|  ap_memory |       c      |     array    |
|c_ce0       | out |    1|  ap_memory |       c      |     array    |
|c_q0        |  in |   32|  ap_memory |       c      |     array    |
|x           |  in |   32|   ap_none  |       x      |    scalar    |
+------------+-----+-----+------------+--------------+--------------+

