

================================================================
== Vivado HLS Report for 'fir'
================================================================
* Date:           Thu Nov 29 15:04:04 2018

* Version:        2018.2 (Build 2258646 on Thu Jun 14 20:25:20 MDT 2018)
* Project:        start_prj
* Solution:       solution1
* Product family: aartix7
* Target device:  xa7a12tcsg325-1q


================================================================
== Performance Estimates
================================================================
+ Timing (ns): 
    * Summary: 
    +--------+-------+----------+------------+
    |  Clock | Target| Estimated| Uncertainty|
    +--------+-------+----------+------------+
    |ap_clk  |  10.00|     8.470|        1.25|
    +--------+-------+----------+------------+

+ Latency (clock cycles): 
    * Summary: 
    +-----+-----+-----+-----+---------+
    |  Latency  |  Interval | Pipeline|
    | min | max | min | max |   Type  |
    +-----+-----+-----+-----+---------+
    |   56|   56|   56|   56|   none  |
    +-----+-----+-----+-----+---------+

    + Detail: 
        * Instance: 
        N/A

        * Loop: 
        +----------+-----+-----+----------+-----------+-----------+------+----------+
        |          |  Latency  | Iteration|  Initiation Interval  | Trip |          |
        | Loop Name| min | max |  Latency |  achieved |   target  | Count| Pipelined|
        +----------+-----+-----+----------+-----------+-----------+------+----------+
        |- TDL     |    9|    9|         3|          -|          -|     3|    no    |
        |- MAC     |   44|   44|         4|          -|          -|    11|    no    |
        +----------+-----+-----+----------+-----------+-----------+------+----------+



================================================================
== Utilization Estimates
================================================================
* Summary: 
+-----------------+---------+-------+-------+------+
|       Name      | BRAM_18K| DSP48E|   FF  |  LUT |
+-----------------+---------+-------+-------+------+
|DSP              |        -|      -|      -|     -|
|Expression       |        -|      3|      0|   123|
|FIFO             |        -|      -|      -|     -|
|Instance         |        -|      -|      -|     -|
|Memory           |        2|      -|      0|     0|
|Multiplexer      |        -|      -|      -|   164|
|Register         |        -|      -|    163|     -|
+-----------------+---------+-------+-------+------+
|Total            |        2|      3|    163|   287|
+-----------------+---------+-------+-------+------+
|Available        |       40|     40|  16000|  8000|
+-----------------+---------+-------+-------+------+
|Utilization (%)  |        5|      7|      1|     3|
+-----------------+---------+-------+-------+------+

+ Detail: 
    * Instance: 
    N/A

    * DSP48: 
    N/A

    * Memory: 
    +-------------+---------------+---------+---+----+------+-----+------+-------------+
    |    Memory   |     Module    | BRAM_18K| FF| LUT| Words| Bits| Banks| W*Bits*Banks|
    +-------------+---------------+---------+---+----+------+-----+------+-------------+
    |shift_reg_U  |fir_shift_reg  |        2|  0|   0|    11|   32|     1|          352|
    +-------------+---------------+---------+---+----+------+-----+------+-------------+
    |Total        |               |        2|  0|   0|    11|   32|     1|          352|
    +-------------+---------------+---------+---+----+------+-----+------+-------------+

    * FIFO: 
    N/A

    * Expression: 
    +-----------------+----------+-------+---+----+------------+------------+
    |  Variable Name  | Operation| DSP48E| FF| LUT| Bitwidth P0| Bitwidth P1|
    +-----------------+----------+-------+---+----+------------+------------+
    |tmp_s_fu_244_p2  |     *    |      3|  0|  21|          32|          32|
    |acc_1_fu_249_p2  |     +    |      0|  0|  39|          32|          32|
    |i_2_fu_238_p2    |     +    |      0|  0|  15|           5|           2|
    |tmp_1_fu_182_p2  |     +    |      0|  0|  13|           4|           2|
    |tmp_4_fu_193_p2  |     +    |      0|  0|  13|           4|           3|
    |tmp_6_fu_209_p2  |     +    |      0|  0|  13|           4|           3|
    |tmp_fu_176_p2    |   icmp   |      0|  0|   9|           4|           2|
    +-----------------+----------+-------+---+----+------------+------------+
    |Total            |          |      3|  0| 123|          85|          76|
    +-----------------+----------+-------+---+----+------------+------------+

    * Multiplexer: 
    +--------------------+----+-----------+-----+-----------+
    |        Name        | LUT| Input Size| Bits| Total Bits|
    +--------------------+----+-----------+-----+-----------+
    |acc_reg_147         |   9|          2|   32|         64|
    |ap_NS_fsm           |  47|         10|    1|         10|
    |i_1_reg_160         |   9|          2|    5|         10|
    |i_reg_135           |   9|          2|    4|          8|
    |shift_reg_address0  |  27|          5|    4|         20|
    |shift_reg_address1  |  33|          6|    4|         24|
    |shift_reg_d0        |  15|          3|   32|         96|
    |shift_reg_d1        |  15|          3|   32|         96|
    +--------------------+----+-----------+-----+-----------+
    |Total               | 164|         33|  114|        328|
    +--------------------+----+-----------+-----+-----------+

    * Register: 
    +--------------------------+----+----+-----+-----------+
    |           Name           | FF | LUT| Bits| Const Bits|
    +--------------------------+----+----+-----+-----------+
    |acc_reg_147               |  32|   0|   32|          0|
    |ap_CS_fsm                 |   9|   0|    9|          0|
    |c_load_reg_302            |  32|   0|   32|          0|
    |i_1_reg_160               |   5|   0|    5|          0|
    |i_2_reg_297               |   5|   0|    5|          0|
    |i_reg_135                 |   4|   0|    4|          0|
    |reg_171                   |  32|   0|   32|          0|
    |shift_reg_addr_2_reg_268  |   4|   0|    4|          0|
    |shift_reg_addr_reg_262    |   4|   0|    4|          0|
    |tmp_6_reg_274             |   4|   0|    4|          0|
    |tmp_s_reg_307             |  32|   0|   32|          0|
    +--------------------------+----+----+-----+-----------+
    |Total                     | 163|   0|  163|          0|
    +--------------------------+----+----+-----+-----------+



================================================================
== Interface
================================================================
* Summary: 
+------------+-----+-----+------------+--------------+--------------+
|  RTL Ports | Dir | Bits|  Protocol  | Source Object|    C Type    |
+------------+-----+-----+------------+--------------+--------------+
|ap_clk      |  in |    1| ap_ctrl_hs |      fir     | return value |
|ap_rst      |  in |    1| ap_ctrl_hs |      fir     | return value |
|ap_start    |  in |    1| ap_ctrl_hs |      fir     | return value |
|ap_done     | out |    1| ap_ctrl_hs |      fir     | return value |
|ap_idle     | out |    1| ap_ctrl_hs |      fir     | return value |
|ap_ready    | out |    1| ap_ctrl_hs |      fir     | return value |
|y           | out |   32|   ap_vld   |       y      |    pointer   |
|y_ap_vld    | out |    1|   ap_vld   |       y      |    pointer   |
|c_address0  | out |    4|  ap_memory |       c      |     array    |
|c_ce0       | out |    1|  ap_memory |       c      |     array    |
|c_q0        |  in |   32|  ap_memory |       c      |     array    |
|x           |  in |   32|   ap_none  |       x      |    scalar    |
+------------+-----+-----+------------+--------------+--------------+

