#-----------------------------------------------------------
# Vivado v2018.2 (64-bit)
# SW Build 2258646 on Thu Jun 14 20:02:38 MDT 2018
# IP Build 2256618 on Thu Jun 14 22:10:49 MDT 2018
# Start of session at: Fri May 17 16:18:59 2019
# Process ID: 24200
# Current directory: /home/ramdas/Work/Learning/CPP_Learning/PP4FPGA_HLS/DFT/naiveImpl/hls
# Command line: vivado
# Log file: /home/ramdas/Work/Learning/CPP_Learning/PP4FPGA_HLS/DFT/naiveImpl/hls/vivado.log
# Journal file: /home/ramdas/Work/Learning/CPP_Learning/PP4FPGA_HLS/DFT/naiveImpl/hls/vivado.jou
#-----------------------------------------------------------
start_gui
source /home/ramdas/Work/Learning/CPP_Learning/PP4FPGA_HLS/DFT/naiveImpl/script.tcl
source /home/ramdas/Work/Learning/CPP_Learning/PP4FPGA_HLS/DFT/naiveImpl/script.tcl
source /home/ramdas/Work/Learning/CPP_Learning/PP4FPGA_HLS/DFT/naiveImpl/script.tcl
create_project dft_hls /home/ramdas/Work/Learning/CPP_Learning/PP4FPGA_HLS/DFT/naiveImpl/dft_hls -part xc7vx485tffg1157-1
add_files -norecurse {/home/ramdas/Work/Learning/CPP_Learning/PP4FPGA_HLS/DFT/naiveImpl/out.gold.dat /home/ramdas/Work/Learning/CPP_Learning/PP4FPGA_HLS/DFT/naiveImpl/dft.cpp /home/ramdas/Work/Learning/CPP_Learning/PP4FPGA_HLS/DFT/naiveImpl/dft.h /home/ramdas/Work/Learning/CPP_Learning/PP4FPGA_HLS/DFT/naiveImpl/dft_test.cpp}
update_compile_order -fileset sources_1
